// Jest Snapshot v1, https://goo.gl/fbAQLP

exports[`Switch component Snapshot button 1`] = `
<body>
  <div>
    <button
      aria-checked="false"
      aria-label="switch"
      class="ant-switch css-dev-only-do-not-override-j0nf2s"
      role="switch"
      type="button"
    >
      <div
        class="ant-switch-handle"
      />
      <span
        class="ant-switch-inner"
      >
        <span
          class="ant-switch-inner-checked"
        />
        <span
          class="ant-switch-inner-unchecked"
        />
      </span>
    </button>
  </div>
</body>
`;
