// Jest Snapshot v1, https://goo.gl/fbAQLP

exports[`Tooltip component Snapshot tooltip 1`] = `
<body>
  <div>
    <span>
      Minerva McGonagall
    </span>
  </div>
</body>
`;
