// Jest Snapshot v1, https://goo.gl/fbAQLP

exports[`CheckboxGroup component Snapshot CheckboxGroup 1`] = `
<body>
  <div>
    <div
      class="ant-checkbox-group css-dev-only-do-not-override-j0nf2s"
      role="checkbox-group"
    />
  </div>
</body>
`;
